openapi: 3.0.1
info:
  title: Title
  description: |-
    # Description

    This is some description to be included.
  termsOfService: Terms
  contact:
    name: My Name
    url: https://google.com
    email: e@mail.com
  license:
    name: MIT
    url: https://license
  version: 1.0.0
  x-custom-property: In Info
externalDocs:
  description: Some external doc at config level
  url: https://example.org
  x-custom-property: In configs's external document
servers:
- url: "https://{sub}.example.it/base/path"
  description: Example URL
  variables:
    sub:
      description: The Subdomain
      default: services
      enum:
      - services
      - web
      - main
      x-custom-property: In ServerVariable
  x-custom-property: In Server
security:
- first: []
- third:
  - requiredScope1
  - requiredScope2
tags:
- name: MyTag
  description: MyDescription
  externalDocs:
    description: Some tag's external doc
    url: https://tag.example.org
    x-custom-property: In tag's external document
  x-custom-property: In tag
paths:
  /accounts:
    get:
      operationId: list
      responses:
        default:
          description: default response
          content:
            application/hal+json: {}
  /accounts/{regNo}-{accountNo}:
    get:
      description: Get single account
      operationId: get
      parameters:
      - name: regNo
        in: path
        required: true
        schema:
          pattern: "^[0-9]{4}$"
          type: string
      - name: accountNo
        in: path
        required: true
        schema:
          pattern: "^[0-9]+$"
          type: string
      responses:
        "404":
          description: No account found.
    put:
      description: Create new or update existing account
      operationId: createOrUpdate
      parameters:
      - name: regNo
        in: path
        required: true
        schema:
          pattern: "^[0-9]{4}$"
          type: string
      - name: accountNo
        in: path
        required: true
        schema:
          pattern: "^[0-9]+$"
          type: string
      requestBody:
        content:
          application/json:
            schema:
              $ref: '#/components/schemas/AccountUpdateRepresentation'
      responses:
        "404":
          description: No updating possible
components:
  schemas:
    AccountUpdateRepresentation:
      required:
      - name
      type: object
      properties:
        accountNo:
          pattern: "^[0-9]+$"
          type: string
        name:
          pattern: ".{1,40}"
          type: string
        regNo:
          pattern: "^[0-9]{4}$"
          type: string
  securitySchemes:
    first:
      type: apiKey
      description: Via web gateway
      name: X-API-TOKEN
      in: header
    fourth:
      type: openIdConnect
      openIdConnectUrl: https://id.example.org
    second:
      type: http
      scheme: MyCredentials
      bearerFormat: password
    third:
      type: oauth2
      flows:
        implicit:
          authorizationUrl: https://auth.example.org
          refreshUrl: https://refresh.example.org
          scopes:
            x: "y"
          x-custom-property: In third SecurityScheme's implicit flow
        password:
          tokenUrl: https://token.example.org
        clientCredentials:
          tokenUrl: https://client.token.example.org
        authorizationCode:
          authorizationUrl: https://code.auth.example.org
          tokenUrl: https://code.token.example.org
        x-custom-property: In third SecurityScheme's flow
x-custom-property: In Config
